undefined symbol x at test/error/0001-undefined1.c:9:5
    x;
    ^
