redefinition of label L1 at test/error/0002-redefinition2.c:11:5
    L1:
    ^
