assign expects an lvalue at test/error/0003-lval2.c:8:5
    3 = 2;
    ^
