enum tag accessed by struct or union at test/error/0004-tags2.c:7:1
enum   X;
^
