struct/union accessed by enum tag at test/error/0004-tags3.c:7:1
struct X;
^
