end of struct already reached at test/error/0006-inits2.c:6:47
struct { int a; int b; int c; } x = {1, 2, 3, 4};
                                              ^
