array initializer wrong size for type at test/error/0006-inits4.c:6:14
int arr[3] = {[5] = 4};
             ^
