cannot initialize an incomplete struct/union at test/error/0006-inits5.c:6:14
struct S s = {1};
             ^
