garbage at end of #undef at test/cpperror/0001-define3.c:7:10
#undef X asdfad
         ^
